Test Loss:     2.972
Test Accuracy: 0.347